// Jest Snapshot v1, https://goo.gl/fbAQLP

exports[`StatusSelect() matches snapshot with default props plus provided statusType 1`] = `
<WithSelect(ModelSelect)
  addAllOptionLabel="All Statuses"
  getQueryString={[Function]}
  modelName="status"
  optionsEntityMap={
    Object {
      "status": Object {
        "label": "STS_code",
        "value": "STS_ID",
      },
    }
  }
  queryData={
    Object {
      "limit": 25,
      "order": "ASC",
      "orderBy": "statusCode",
      "statusType": "registration",
    }
  }
  selectConfiguration={
    Object {
      "defaultValue": undefined,
      "loadingMessage": [Function],
      "noOptionsMessage": [Function],
      "onChange": undefined,
      "placeholder": "Select Status...",
    }
  }
  selectLabel="Select Status"
  statusType="registration"
/>
`;
